2026-08-29T13:10:23.868+08:00  INFO 56315 --- [dw-ai-api] [main] com.dwai.platform.DwaiApplication        : Starting DwaiApplication v0.1.0 using Java 21.0.2 with PID 56315 (/Users/wang/Downloads/data/git-repo/dw-ai/release/dw-ai-0.1.0/libs/dw-ai-api-0.1.0.jar started by wang in /Users/wang/Downloads/data/git-repo/dw-ai/release/dw-ai-0.1.0)
2026-08-29T13:10:23.869+08:00  INFO 56315 --- [dw-ai-api] [main] com.dwai.platform.DwaiApplication        : No active profile set, falling back to 1 default profile: "default"
2026-08-29T13:10:24.955+08:00  INFO 56315 --- [dw-ai-api] [main] o.s.b.w.embedded.tomcat.TomcatWebServer  : Tomcat initialized with port 8080 (http)
2026-08-29T13:10:24.964+08:00  INFO 56315 --- [dw-ai-api] [main] o.apache.catalina.core.StandardService   : Starting service [Tomcat]
2026-08-29T13:10:24.964+08:00  INFO 56315 --- [dw-ai-api] [main] o.apache.catalina.core.StandardEngine    : Starting Servlet engine: [Apache Tomcat/10.1.42]
2026-08-29T13:10:24.979+08:00  INFO 56315 --- [dw-ai-api] [main] o.a.c.c.C.[Tomcat].[localhost].[/]       : Initializing Spring embedded WebApplicationContext
2026-08-29T13:10:24.979+08:00  INFO 56315 --- [dw-ai-api] [main] w.s.c.ServletWebServerApplicationContext : Root WebApplicationContext: initialization completed in 1073 ms
2026-08-29T13:11:38.203+08:00  INFO 57493 --- [dw-ai-api] [main] com.dwai.platform.DwaiApplication        : Starting DwaiApplication v0.1.0 using Java 21.0.2 with PID 57493 (/Users/wang/Downloads/data/git-repo/dw-ai/release/dw-ai-0.1.0/libs/dw-ai-api-0.1.0.jar started by wang in /Users/wang/Downloads/data/git-repo/dw-ai/release/dw-ai-0.1.0)
2026-08-29T13:11:38.204+08:00  INFO 57493 --- [dw-ai-api] [main] com.dwai.platform.DwaiApplication        : No active profile set, falling back to 1 default profile: "default"
2026-08-29T13:11:39.203+08:00  INFO 57493 --- [dw-ai-api] [main] o.s.b.w.embedded.tomcat.TomcatWebServer  : Tomcat initialized with port 8080 (http)
2026-08-29T13:11:39.212+08:00  INFO 57493 --- [dw-ai-api] [main] o.apache.catalina.core.StandardService   : Starting service [Tomcat]
2026-08-29T13:11:39.212+08:00  INFO 57493 --- [dw-ai-api] [main] o.apache.catalina.core.StandardEngine    : Starting Servlet engine: [Apache Tomcat/10.1.42]
2026-08-29T13:11:39.227+08:00  INFO 57493 --- [dw-ai-api] [main] o.a.c.c.C.[Tomcat].[localhost].[/]       : Initializing Spring embedded WebApplicationContext
2026-08-29T13:11:39.228+08:00  INFO 57493 --- [dw-ai-api] [main] w.s.c.ServletWebServerApplicationContext : Root WebApplicationContext: initialization completed in 994 ms
2026-08-29T13:11:44.329+08:00  WARN 57493 --- [dw-ai-api] [main] c.b.mybatisplus.core.toolkit.Sequence    : Initialization Sequence Very Slow! Get datacenterId:19 workerId:4
2026-08-29T13:11:44.429+08:00  INFO 57493 --- [dw-ai-api] [main] com.zaxxer.hikari.HikariDataSource       : HikariPool-1 - Starting...
2026-08-29T13:11:44.538+08:00  INFO 57493 --- [dw-ai-api] [main] com.zaxxer.hikari.pool.HikariPool        : HikariPool-1 - Added connection org.postgresql.jdbc.PgConnection@62e73ab6
2026-08-29T13:11:44.538+08:00  INFO 57493 --- [dw-ai-api] [main] com.zaxxer.hikari.HikariDataSource       : HikariPool-1 - Start completed.
2026-08-29T13:11:44.555+08:00  INFO 57493 --- [dw-ai-api] [main] org.flywaydb.core.FlywayExecutor         : Database: jdbc:postgresql://127.0.0.1:5432/dwai (PostgreSQL 16.15)
2026-08-29T13:11:44.584+08:00  INFO 57493 --- [dw-ai-api] [main] o.f.core.internal.command.DbValidate     : Successfully validated 2 migrations (execution time 00:00.015s)
2026-08-29T13:11:44.618+08:00  INFO 57493 --- [dw-ai-api] [main] o.f.core.internal.command.DbMigrate      : Current version of schema "public": 2
2026-08-29T13:11:44.621+08:00  INFO 57493 --- [dw-ai-api] [main] o.f.core.internal.command.DbMigrate      : Schema "public" is up to date. No migration necessary.
2026-08-29T13:11:44.757+08:00  INFO 57493 --- [dw-ai-api] [main] o.s.boot.web.servlet.RegistrationBean    : Filter tenantFilterRegistration was not registered (disabled)
2026-08-29T13:11:44.820+08:00  WARN 57493 --- [dw-ai-api] [main] c.b.m.core.metadata.TableInfoHelper      : Can not find table primary key in Class: "com.dwai.platform.meta.entity.ProjectMemberEntity".
2026-08-29T13:11:44.820+08:00  WARN 57493 --- [dw-ai-api] [main] c.b.m.core.injector.DefaultSqlInjector   : class com.dwai.platform.meta.entity.ProjectMemberEntity ,Not found @TableId annotation, Cannot use Mybatis-Plus 'xxById' Method.
2026-08-29T13:11:44.888+08:00  WARN 57493 --- [dw-ai-api] [main] c.b.m.core.metadata.TableInfoHelper      : Can not find table primary key in Class: "com.dwai.platform.meta.entity.TableColumnEntity".
2026-08-29T13:11:44.888+08:00  WARN 57493 --- [dw-ai-api] [main] c.b.m.core.injector.DefaultSqlInjector   : class com.dwai.platform.meta.entity.TableColumnEntity ,Not found @TableId annotation, Cannot use Mybatis-Plus 'xxById' Method.
2026-08-29T13:11:45.051+08:00  INFO 57493 --- [dw-ai-api] [main] o.s.b.a.w.s.WelcomePageHandlerMapping    : Adding welcome page: URL [file:/Users/wang/Downloads/data/git-repo/dw-ai/release/dw-ai-0.1.0/libs/web/index.html]
2026-08-29T13:11:45.160+08:00  INFO 57493 --- [dw-ai-api] [main] o.s.b.a.e.web.EndpointLinksResolver      : Exposing 1 endpoint beneath base path '/actuator'
2026-08-29T13:11:45.335+08:00  INFO 57493 --- [dw-ai-api] [main] o.s.b.w.embedded.tomcat.TomcatWebServer  : Tomcat started on port 8080 (http) with context path '/'
2026-08-29T13:11:45.346+08:00  INFO 57493 --- [dw-ai-api] [main] com.dwai.platform.DwaiApplication        : Started DwaiApplication in 7.41 seconds (process running for 7.681)
2026-08-29T13:11:45.400+08:00  INFO 57493 --- [dw-ai-api] [http-nio-8080-exec-2] o.a.c.c.C.[Tomcat].[localhost].[/]       : Initializing Spring DispatcherServlet 'dispatcherServlet'
2026-08-29T13:11:45.401+08:00  INFO 57493 --- [dw-ai-api] [http-nio-8080-exec-2] o.s.web.servlet.DispatcherServlet        : Initializing Servlet 'dispatcherServlet'
2026-08-29T13:11:45.401+08:00  INFO 57493 --- [dw-ai-api] [http-nio-8080-exec-2] o.s.web.servlet.DispatcherServlet        : Completed initialization in 0 ms
2026-08-29T13:12:28.455+08:00  INFO 58538 --- [dw-ai-api] [main] com.dwai.platform.DwaiApplication        : Starting DwaiApplication v0.1.0 using Java 21.0.2 with PID 58538 (/Users/wang/Downloads/data/git-repo/dw-ai/release/dw-ai-0.1.0/libs/dw-ai-api-0.1.0.jar started by wang in /Users/wang/Downloads/data/git-repo/dw-ai/release/dw-ai-0.1.0)
2026-08-29T13:12:28.456+08:00  INFO 58538 --- [dw-ai-api] [main] com.dwai.platform.DwaiApplication        : No active profile set, falling back to 1 default profile: "default"
2026-08-29T13:12:29.416+08:00  INFO 58538 --- [dw-ai-api] [main] o.s.b.w.embedded.tomcat.TomcatWebServer  : Tomcat initialized with port 8080 (http)
2026-08-29T13:12:29.427+08:00  INFO 58538 --- [dw-ai-api] [main] o.apache.catalina.core.StandardService   : Starting service [Tomcat]
2026-08-29T13:12:29.427+08:00  INFO 58538 --- [dw-ai-api] [main] o.apache.catalina.core.StandardEngine    : Starting Servlet engine: [Apache Tomcat/10.1.42]
2026-08-29T13:12:29.447+08:00  INFO 58538 --- [dw-ai-api] [main] o.a.c.c.C.[Tomcat].[localhost].[/]       : Initializing Spring embedded WebApplicationContext
2026-08-29T13:12:29.447+08:00  INFO 58538 --- [dw-ai-api] [main] w.s.c.ServletWebServerApplicationContext : Root WebApplicationContext: initialization completed in 957 ms
2026-08-29T13:12:34.546+08:00  WARN 58538 --- [dw-ai-api] [main] c.b.mybatisplus.core.toolkit.Sequence    : Initialization Sequence Very Slow! Get datacenterId:19 workerId:15
2026-08-29T13:12:34.647+08:00  INFO 58538 --- [dw-ai-api] [main] com.zaxxer.hikari.HikariDataSource       : HikariPool-1 - Starting...
2026-08-29T13:12:34.774+08:00  INFO 58538 --- [dw-ai-api] [main] com.zaxxer.hikari.pool.HikariPool        : HikariPool-1 - Added connection org.postgresql.jdbc.PgConnection@7a572ea0
2026-08-29T13:12:34.775+08:00  INFO 58538 --- [dw-ai-api] [main] com.zaxxer.hikari.HikariDataSource       : HikariPool-1 - Start completed.
2026-08-29T13:12:34.791+08:00  INFO 58538 --- [dw-ai-api] [main] org.flywaydb.core.FlywayExecutor         : Database: jdbc:postgresql://127.0.0.1:5432/dwai (PostgreSQL 16.15)
2026-08-29T13:12:34.821+08:00  INFO 58538 --- [dw-ai-api] [main] o.f.core.internal.command.DbValidate     : Successfully validated 2 migrations (execution time 00:00.017s)
2026-08-29T13:12:34.858+08:00  INFO 58538 --- [dw-ai-api] [main] o.f.core.internal.command.DbMigrate      : Current version of schema "public": 2
2026-08-29T13:12:34.860+08:00  INFO 58538 --- [dw-ai-api] [main] o.f.core.internal.command.DbMigrate      : Schema "public" is up to date. No migration necessary.
2026-08-29T13:12:35.000+08:00  INFO 58538 --- [dw-ai-api] [main] o.s.boot.web.servlet.RegistrationBean    : Filter tenantFilterRegistration was not registered (disabled)
2026-08-29T13:12:35.064+08:00  WARN 58538 --- [dw-ai-api] [main] c.b.m.core.metadata.TableInfoHelper      : Can not find table primary key in Class: "com.dwai.platform.meta.entity.ProjectMemberEntity".
2026-08-29T13:12:35.064+08:00  WARN 58538 --- [dw-ai-api] [main] c.b.m.core.injector.DefaultSqlInjector   : class com.dwai.platform.meta.entity.ProjectMemberEntity ,Not found @TableId annotation, Cannot use Mybatis-Plus 'xxById' Method.
2026-08-29T13:12:35.141+08:00  WARN 58538 --- [dw-ai-api] [main] c.b.m.core.metadata.TableInfoHelper      : Can not find table primary key in Class: "com.dwai.platform.meta.entity.TableColumnEntity".
2026-08-29T13:12:35.141+08:00  WARN 58538 --- [dw-ai-api] [main] c.b.m.core.injector.DefaultSqlInjector   : class com.dwai.platform.meta.entity.TableColumnEntity ,Not found @TableId annotation, Cannot use Mybatis-Plus 'xxById' Method.
2026-08-29T13:12:35.317+08:00  INFO 58538 --- [dw-ai-api] [main] o.s.b.a.w.s.WelcomePageHandlerMapping    : Adding welcome page: URL [file:/Users/wang/Downloads/data/git-repo/dw-ai/release/dw-ai-0.1.0/libs/web/index.html]
2026-08-29T13:12:35.433+08:00  INFO 58538 --- [dw-ai-api] [main] o.s.b.a.e.web.EndpointLinksResolver      : Exposing 1 endpoint beneath base path '/actuator'
2026-08-29T13:12:35.619+08:00  INFO 58538 --- [dw-ai-api] [main] o.s.b.w.embedded.tomcat.TomcatWebServer  : Tomcat started on port 8080 (http) with context path '/'
2026-08-29T13:12:35.632+08:00  INFO 58538 --- [dw-ai-api] [main] com.dwai.platform.DwaiApplication        : Started DwaiApplication in 7.471 seconds (process running for 7.788)
2026-08-29T13:12:38.879+08:00  INFO 58538 --- [dw-ai-api] [http-nio-8080-exec-1] o.a.c.c.C.[Tomcat].[localhost].[/]       : Initializing Spring DispatcherServlet 'dispatcherServlet'
2026-08-29T13:12:38.880+08:00  INFO 58538 --- [dw-ai-api] [http-nio-8080-exec-1] o.s.web.servlet.DispatcherServlet        : Initializing Servlet 'dispatcherServlet'
2026-08-29T13:12:38.881+08:00  INFO 58538 --- [dw-ai-api] [http-nio-8080-exec-1] o.s.web.servlet.DispatcherServlet        : Completed initialization in 1 ms
2026-08-29T13:27:33.831+08:00  WARN 58538 --- [dw-ai-api] [HikariPool-1 housekeeper] com.zaxxer.hikari.pool.HikariPool        : HikariPool-1 - Thread starvation or clock leap detected (housekeeper delta=5m28s836ms).
2026-08-29T13:33:02.419+08:00  WARN 58538 --- [dw-ai-api] [HikariPool-1 housekeeper] com.zaxxer.hikari.pool.HikariPool        : HikariPool-1 - Thread starvation or clock leap detected (housekeeper delta=5m28s589ms).
2026-08-29T13:39:01.148+08:00  WARN 58538 --- [dw-ai-api] [HikariPool-1 housekeeper] com.zaxxer.hikari.pool.HikariPool        : HikariPool-1 - Thread starvation or clock leap detected (housekeeper delta=5m28s715ms).
2026-08-29T13:54:35.839+08:00  WARN 58538 --- [dw-ai-api] [HikariPool-1 housekeeper] com.zaxxer.hikari.pool.HikariPool        : HikariPool-1 - Thread starvation or clock leap detected (housekeeper delta=15m34s692ms).
2026-08-29T14:11:00.838+08:00  WARN 58538 --- [dw-ai-api] [HikariPool-1 housekeeper] com.zaxxer.hikari.pool.HikariPool        : HikariPool-1 - Thread starvation or clock leap detected (housekeeper delta=15m54s960ms).
2026-08-29T14:27:25.865+08:00  WARN 58538 --- [dw-ai-api] [HikariPool-1 housekeeper] com.zaxxer.hikari.pool.HikariPool        : HikariPool-1 - Thread starvation or clock leap detected (housekeeper delta=15m55s13ms).
2026-08-29T14:43:30.282+08:00  WARN 58538 --- [dw-ai-api] [HikariPool-1 housekeeper] com.zaxxer.hikari.pool.HikariPool        : HikariPool-1 - Thread starvation or clock leap detected (housekeeper delta=15m34s400ms).
2026-08-29T14:59:25.314+08:00  WARN 58538 --- [dw-ai-api] [HikariPool-1 housekeeper] com.zaxxer.hikari.pool.HikariPool        : HikariPool-1 - Thread starvation or clock leap detected (housekeeper delta=15m55s32ms).
2026-08-29T15:15:50.356+08:00  WARN 58538 --- [dw-ai-api] [HikariPool-1 housekeeper] com.zaxxer.hikari.pool.HikariPool        : HikariPool-1 - Thread starvation or clock leap detected (housekeeper delta=15m55s30ms).
2026-08-29T15:23:10.148+08:00  WARN 58538 --- [dw-ai-api] [HikariPool-1 housekeeper] com.zaxxer.hikari.pool.HikariPool        : HikariPool-1 - Thread starvation or clock leap detected (housekeeper delta=7m19s793ms).
2026-08-29T15:39:35.175+08:00  WARN 58538 --- [dw-ai-api] [HikariPool-1 housekeeper] com.zaxxer.hikari.pool.HikariPool        : HikariPool-1 - Thread starvation or clock leap detected (housekeeper delta=15m55s12ms).
2026-08-29T15:55:30.162+08:00  WARN 58538 --- [dw-ai-api] [HikariPool-1 housekeeper] com.zaxxer.hikari.pool.HikariPool        : HikariPool-1 - Thread starvation or clock leap detected (housekeeper delta=15m54s988ms).
2026-08-29T16:11:55.201+08:00  WARN 58538 --- [dw-ai-api] [HikariPool-1 housekeeper] com.zaxxer.hikari.pool.HikariPool        : HikariPool-1 - Thread starvation or clock leap detected (housekeeper delta=15m55s15ms).
2026-08-29T16:24:33.776+08:00  WARN 58538 --- [dw-ai-api] [HikariPool-1 housekeeper] com.zaxxer.hikari.pool.HikariPool        : HikariPool-1 - Thread starvation or clock leap detected (housekeeper delta=12m8s560ms).
2026-08-29T16:40:58.809+08:00  WARN 58538 --- [dw-ai-api] [HikariPool-1 housekeeper] com.zaxxer.hikari.pool.HikariPool        : HikariPool-1 - Thread starvation or clock leap detected (housekeeper delta=15m55s18ms).
2026-08-29T16:56:53.791+08:00  WARN 58538 --- [dw-ai-api] [HikariPool-1 housekeeper] com.zaxxer.hikari.pool.HikariPool        : HikariPool-1 - Thread starvation or clock leap detected (housekeeper delta=15m54s981ms).
2026-08-29T17:13:18.875+08:00  WARN 58538 --- [dw-ai-api] [HikariPool-1 housekeeper] com.zaxxer.hikari.pool.HikariPool        : HikariPool-1 - Thread starvation or clock leap detected (housekeeper delta=15m55s70ms).
2026-08-29T17:25:11.540+08:00  WARN 58538 --- [dw-ai-api] [HikariPool-1 housekeeper] com.zaxxer.hikari.pool.HikariPool        : HikariPool-1 - Thread starvation or clock leap detected (housekeeper delta=11m52s666ms).
2026-08-29T17:33:34.168+08:00  WARN 58538 --- [dw-ai-api] [HikariPool-1 housekeeper] com.zaxxer.hikari.pool.HikariPool        : HikariPool-1 - Thread starvation or clock leap detected (housekeeper delta=7m52s613ms).
2026-08-29T18:14:25.708+08:00  INFO 58538 --- [dw-ai-api] [SpringApplicationShutdownHook] com.zaxxer.hikari.HikariDataSource       : HikariPool-1 - Shutdown initiated...
2026-08-29T18:14:25.711+08:00  INFO 58538 --- [dw-ai-api] [SpringApplicationShutdownHook] com.zaxxer.hikari.HikariDataSource       : HikariPool-1 - Shutdown completed.
